[debug] [2026-05-26T19:22:32.657Z] ----------------------------------------------------------------------
[debug] [2026-05-26T19:22:32.658Z] Command:       C:\Program Files\nodejs\node.exe C:\Users\M4gistral\AppData\Roaming\npm\node_modules\firebase-tools\lib\bin\firebase.js deploy
[debug] [2026-05-26T19:22:32.659Z] CLI Version:   15.18.0
[debug] [2026-05-26T19:22:32.659Z] Platform:      win32
[debug] [2026-05-26T19:22:32.659Z] Node Version:  v24.16.0
[debug] [2026-05-26T19:22:32.659Z] Time:          Tue May 26 2026 14:22:32 GMT-0500 (hora estándar de Perú)
[debug] [2026-05-26T19:22:32.659Z] ----------------------------------------------------------------------
[debug] 
[debug] [2026-05-26T19:22:34.072Z] > command requires scopes: ["email","openid","https://www.googleapis.com/auth/cloudplatformprojects.readonly","https://www.googleapis.com/auth/firebase","https://www.googleapis.com/auth/cloud-platform"]
[debug] [2026-05-26T19:22:34.072Z] > authorizing via signed-in user (heverehuatuco@gmail.com)
[debug] [2026-05-26T19:22:34.072Z] [iam] checking project asociacion-apasajem for permissions ["firebase.projects.get","firebasehosting.sites.update"]
[debug] [2026-05-26T19:22:34.073Z] Checked if tokens are valid: true, expires at: 1779826190649
[debug] [2026-05-26T19:22:34.073Z] Checked if tokens are valid: true, expires at: 1779826190649
[debug] [2026-05-26T19:22:34.074Z] >>> [apiv2][query] POST https://cloudresourcemanager.googleapis.com/v1/projects/asociacion-apasajem:testIamPermissions [none]
[debug] [2026-05-26T19:22:34.074Z] >>> [apiv2][(partial)header] POST https://cloudresourcemanager.googleapis.com/v1/projects/asociacion-apasajem:testIamPermissions  x-goog-user-project=asociacion-apasajem
[debug] [2026-05-26T19:22:34.074Z] >>> [apiv2][body] POST https://cloudresourcemanager.googleapis.com/v1/projects/asociacion-apasajem:testIamPermissions {"permissions":["firebase.projects.get","firebasehosting.sites.update"]}
[debug] [2026-05-26T19:22:35.232Z] <<< [apiv2][status] POST https://cloudresourcemanager.googleapis.com/v1/projects/asociacion-apasajem:testIamPermissions 200
[debug] [2026-05-26T19:22:35.232Z] <<< [apiv2][body] POST https://cloudresourcemanager.googleapis.com/v1/projects/asociacion-apasajem:testIamPermissions {"permissions":["firebase.projects.get","firebasehosting.sites.update"]}
[debug] [2026-05-26T19:22:35.232Z] Checked if tokens are valid: true, expires at: 1779826190649
[debug] [2026-05-26T19:22:35.232Z] Checked if tokens are valid: true, expires at: 1779826190649
[debug] [2026-05-26T19:22:35.233Z] >>> [apiv2][query] GET https://firebase.googleapis.com/v1beta1/projects/asociacion-apasajem [none]
[debug] [2026-05-26T19:22:35.700Z] <<< [apiv2][status] GET https://firebase.googleapis.com/v1beta1/projects/asociacion-apasajem 200
[debug] [2026-05-26T19:22:35.700Z] <<< [apiv2][body] GET https://firebase.googleapis.com/v1beta1/projects/asociacion-apasajem {"projectId":"asociacion-apasajem","projectNumber":"157709524403","displayName":"asociacion-apasajem","name":"projects/asociacion-apasajem","resources":{"hostingSite":"asociacion-apasajem"},"state":"ACTIVE","etag":"1_0ef1bac0-c34f-44ce-9000-706c00509e8c"}
[debug] [2026-05-26T19:22:37.853Z] defaultcredentials: writing to file C:\Users\M4gistral\AppData\Roaming\firebase\heverehuatuco_gmail_com_application_default_credentials.json
[debug] [2026-05-26T19:22:37.856Z] Checked if tokens are valid: true, expires at: 1779826190649
[debug] [2026-05-26T19:22:37.856Z] Checked if tokens are valid: true, expires at: 1779826190649
[debug] [2026-05-26T19:22:37.856Z] >>> [apiv2][query] GET https://firebasehosting.googleapis.com/v1beta1/projects/asociacion-apasajem/sites pageToken=&pageSize=10
[debug] [2026-05-26T19:22:39.456Z] <<< [apiv2][status] GET https://firebasehosting.googleapis.com/v1beta1/projects/asociacion-apasajem/sites 200
[debug] [2026-05-26T19:22:39.456Z] <<< [apiv2][body] GET https://firebasehosting.googleapis.com/v1beta1/projects/asociacion-apasajem/sites {"sites":[{"name":"projects/asociacion-apasajem/sites/asociacion-apasajem","defaultUrl":"https://asociacion-apasajem.web.app","appId":"1:157709524403:web:48a0e1bcc1e380ab08ffc6","type":"DEFAULT_SITE"}]}
[debug] [2026-05-26T19:22:39.456Z] Checked if tokens are valid: true, expires at: 1779826190649
[debug] [2026-05-26T19:22:39.456Z] Checked if tokens are valid: true, expires at: 1779826190649
[debug] [2026-05-26T19:22:39.456Z] >>> [apiv2][query] GET https://firebase.googleapis.com/v1beta1/projects/-/webApps/1:157709524403:web:48a0e1bcc1e380ab08ffc6/config [none]
[debug] [2026-05-26T19:22:40.680Z] <<< [apiv2][status] GET https://firebase.googleapis.com/v1beta1/projects/-/webApps/1:157709524403:web:48a0e1bcc1e380ab08ffc6/config 200
[debug] [2026-05-26T19:22:40.681Z] <<< [apiv2][body] GET https://firebase.googleapis.com/v1beta1/projects/-/webApps/1:157709524403:web:48a0e1bcc1e380ab08ffc6/config {"projectId":"asociacion-apasajem","appId":"1:157709524403:web:48a0e1bcc1e380ab08ffc6","storageBucket":"asociacion-apasajem.firebasestorage.app","apiKey":"AIzaSyBfULGTM66DvhqzRKgt1ZDeg3fm64ihCl0","authDomain":"asociacion-apasajem.firebaseapp.com","messagingSenderId":"157709524403","measurementId":"G-FPRH631CBR","projectNumber":"157709524403","version":"2"}
[info] 
   Thank you for trying our early preview of Next.js support on Firebase Hosting.
   During the preview, support is best-effort and breaking changes can be expected. Proceed with caution.
   The integration is known to work with Next.js version 12 - 16.0. You may encounter errors.

   Documentation: https://firebase.google.com/docs/hosting/frameworks/nextjs
   File a bug: https://github.com/firebase/firebase-tools/issues/new?template=bug_report.md
   Submit a feature request: https://github.com/firebase/firebase-tools/issues/new?template=feature_request.md

   We'd love to learn from you. Express your interest in helping us shape the future of Firebase Hosting: https://goo.gle/41enW5X

[debug] [2026-05-26T19:22:45.650Z] Checked if tokens are valid: true, expires at: 1779826190649
[debug] [2026-05-26T19:22:45.650Z] Checked if tokens are valid: true, expires at: 1779826190649
[debug] [2026-05-26T19:22:45.650Z] >>> [apiv2][query] GET https://firebasehosting.googleapis.com/v1beta1/projects/asociacion-apasajem/sites/asociacion-apasajem [none]
[debug] [2026-05-26T19:22:47.147Z] <<< [apiv2][status] GET https://firebasehosting.googleapis.com/v1beta1/projects/asociacion-apasajem/sites/asociacion-apasajem 200
[debug] [2026-05-26T19:22:47.147Z] <<< [apiv2][body] GET https://firebasehosting.googleapis.com/v1beta1/projects/asociacion-apasajem/sites/asociacion-apasajem {"name":"projects/asociacion-apasajem/sites/asociacion-apasajem","defaultUrl":"https://asociacion-apasajem.web.app","appId":"1:157709524403:web:48a0e1bcc1e380ab08ffc6","type":"DEFAULT_SITE"}
[info] ▲ Next.js 16.2.6 (Turbopack)

[info] - Environments: .env.local


[info]   Creating an optimized production build ...

[info] ✓ Compiled successfully in 5.3s

[info]   Running TypeScript ...

[info]   Finished TypeScript in 5.5s ...

[info]   Collecting page data using 11 workers ...

[info]   Generating static pages using 11 workers (0/10) ...

[info]   Generating static pages using 11 workers (2/10) 

[info]   Generating static pages using 11 workers (4/10) 

[info]   Generating static pages using 11 workers (7/10) 

[info] ✓ Generating static pages using 11 workers (10/10) in 1161ms

[info]   Finalizing page optimization ...

[info] 

[info] Route (app)
┌ ○ /
├ ○ /_not-found
├ ○ /admin
├ ƒ /api/admin/create-user
├ ○ /contacto
├ ○ /login
├ ○ /nosotros
└ ○ /productos


[info] 
○  (Static)   prerendered as static content
ƒ  (Dynamic)  server-rendered on demand


[info] Building a Cloud Function to run this application. This is needed due to:
[info]  • non-static component /api/admin/create-user/route
[info] 
[debug] [2026-05-26T19:23:15.872Z] Checked if tokens are valid: true, expires at: 1779826190649
[debug] [2026-05-26T19:23:15.872Z] Checked if tokens are valid: true, expires at: 1779826190649
[debug] [2026-05-26T19:23:15.873Z] >>> [apiv2][query] GET https://firebasehosting.googleapis.com/v1beta1/projects/asociacion-apasajem/sites/asociacion-apasajem [none]
[debug] [2026-05-26T19:23:17.229Z] <<< [apiv2][status] GET https://firebasehosting.googleapis.com/v1beta1/projects/asociacion-apasajem/sites/asociacion-apasajem 200
[debug] [2026-05-26T19:23:17.229Z] <<< [apiv2][body] GET https://firebasehosting.googleapis.com/v1beta1/projects/asociacion-apasajem/sites/asociacion-apasajem {"name":"projects/asociacion-apasajem/sites/asociacion-apasajem","defaultUrl":"https://asociacion-apasajem.web.app","appId":"1:157709524403:web:48a0e1bcc1e380ab08ffc6","type":"DEFAULT_SITE"}
[debug] [2026-05-26T19:23:18.715Z] Error: EPERM: operation not permitted, symlink 'C:\Users\M4gistral\Documents\proyectos sistemas web\apasajem\node_modules\firebase-admin' -> 'C:\Users\M4gistral\Documents\proyectos sistemas web\apasajem\.firebase\asociacion-apasajem\functions\.next\node_modules\firebase-admin-a14c8a5423a75469'
[debug] [2026-05-26T19:24:06.746Z] ----------------------------------------------------------------------
[debug] [2026-05-26T19:24:06.748Z] Command:       C:\Program Files\nodejs\node.exe C:\Users\M4gistral\AppData\Roaming\npm\node_modules\firebase-tools\lib\bin\firebase.js init hosting
[debug] [2026-05-26T19:24:06.748Z] CLI Version:   15.18.0
[debug] [2026-05-26T19:24:06.748Z] Platform:      win32
[debug] [2026-05-26T19:24:06.748Z] Node Version:  v24.16.0
[debug] [2026-05-26T19:24:06.748Z] Time:          Tue May 26 2026 14:24:06 GMT-0500 (hora estándar de Perú)
[debug] [2026-05-26T19:24:06.749Z] ----------------------------------------------------------------------
[debug] 
[info] 
     ######## #### ########  ######## ########     ###     ######  ########
     ##        ##  ##     ## ##       ##     ##  ##   ##  ##       ##
     ######    ##  ########  ######   ########  #########  ######  ######
     ##        ##  ##    ##  ##       ##     ## ##     ##       ## ##
     ##       #### ##     ## ######## ########  ##     ##  ######  ########

You're about to initialize a Firebase project in this directory:

  C:\Users\M4gistral\Documents\proyectos sistemas web\apasajem

Before we get started, keep in mind:

  * You are initializing within an existing Firebase project directory

[info] 
=== Project Setup
[info] 
[info] First, let's associate this project directory with a Firebase project.
[info] You can create multiple project aliases by running firebase use --add, 
[info] 
[debug] [2026-05-26T19:24:09.937Z] > command requires scopes: ["email","openid","https://www.googleapis.com/auth/cloudplatformprojects.readonly","https://www.googleapis.com/auth/firebase","https://www.googleapis.com/auth/cloud-platform"]
[debug] [2026-05-26T19:24:09.937Z] > authorizing via signed-in user (heverehuatuco@gmail.com)
[debug] [2026-05-26T19:24:09.938Z] Checked if tokens are valid: true, expires at: 1779826190649
[debug] [2026-05-26T19:24:09.938Z] Checked if tokens are valid: true, expires at: 1779826190649
[debug] [2026-05-26T19:24:09.939Z] >>> [apiv2][query] GET https://firebase.googleapis.com/v1beta1/projects/asociacion-apasajem [none]
[debug] [2026-05-26T19:24:10.428Z] <<< [apiv2][status] GET https://firebase.googleapis.com/v1beta1/projects/asociacion-apasajem 200
[debug] [2026-05-26T19:24:10.428Z] <<< [apiv2][body] GET https://firebase.googleapis.com/v1beta1/projects/asociacion-apasajem {"projectId":"asociacion-apasajem","projectNumber":"157709524403","displayName":"asociacion-apasajem","name":"projects/asociacion-apasajem","resources":{"hostingSite":"asociacion-apasajem"},"state":"ACTIVE","etag":"1_0ef1bac0-c34f-44ce-9000-706c00509e8c"}
[info] i  Using project asociacion-apasajem (asociacion-apasajem) . 
[info] 
=== Hosting Setup
[info] 
[debug] [2026-05-26T19:24:19.431Z] Checked if tokens are valid: true, expires at: 1779826190649
[debug] [2026-05-26T19:24:19.431Z] Checked if tokens are valid: true, expires at: 1779826190649
[debug] [2026-05-26T19:24:19.431Z] >>> [apiv2][query] GET https://firebase.googleapis.com/v1beta1/projects/asociacion-apasajem [none]
[debug] [2026-05-26T19:24:19.931Z] <<< [apiv2][status] GET https://firebase.googleapis.com/v1beta1/projects/asociacion-apasajem 200
[debug] [2026-05-26T19:24:19.931Z] <<< [apiv2][body] GET https://firebase.googleapis.com/v1beta1/projects/asociacion-apasajem {"projectId":"asociacion-apasajem","projectNumber":"157709524403","displayName":"asociacion-apasajem","name":"projects/asociacion-apasajem","resources":{"hostingSite":"asociacion-apasajem"},"state":"ACTIVE","etag":"1_0ef1bac0-c34f-44ce-9000-706c00509e8c"}
[info] 
[info] Your public directory is the folder (relative to your project directory) that
[info] will contain Hosting assets to be uploaded with firebase deploy. If you
[info] have a build process for your assets, use your build's output directory.
[info] 
[debug] [2026-05-26T19:30:03.787Z] ExitPromptError: User force closed the prompt with SIGINT
    at Interface.sigint (C:\Users\M4gistral\AppData\Roaming\npm\node_modules\firebase-tools\node_modules\@inquirer\core\dist\commonjs\lib\create-prompt.js:101:37)
    at Interface.emit (node:events:509:28)
    at [_ttyWrite] [as _ttyWrite] (node:internal/readline/interface:1327:18)
    at ReadStream.onkeypress (node:internal/readline/interface:284:20)
    at ReadStream.emit (node:events:521:24)
    at emitKeys (node:internal/readline/utils:371:14)
    at emitKeys.next (<anonymous>)
    at ReadStream.onData (node:internal/readline/emitKeypressEvents:64:36)
    at ReadStream.emit (node:events:509:28)
    at addChunk (node:internal/streams/readable:563:12)
[error] 
[error] Error: An unexpected error has occurred.
[debug] [2026-05-26T19:30:08.668Z] ----------------------------------------------------------------------
[debug] [2026-05-26T19:30:08.670Z] Command:       C:\Program Files\nodejs\node.exe C:\Users\M4gistral\AppData\Roaming\npm\node_modules\firebase-tools\lib\bin\firebase.js init hosting
[debug] [2026-05-26T19:30:08.670Z] CLI Version:   15.18.0
[debug] [2026-05-26T19:30:08.670Z] Platform:      win32
[debug] [2026-05-26T19:30:08.670Z] Node Version:  v24.16.0
[debug] [2026-05-26T19:30:08.670Z] Time:          Tue May 26 2026 14:30:08 GMT-0500 (hora estándar de Perú)
[debug] [2026-05-26T19:30:08.670Z] ----------------------------------------------------------------------
[debug] 
[info] 
     ######## #### ########  ######## ########     ###     ######  ########
     ##        ##  ##     ## ##       ##     ##  ##   ##  ##       ##
     ######    ##  ########  ######   ########  #########  ######  ######
     ##        ##  ##    ##  ##       ##     ## ##     ##       ## ##
     ##       #### ##     ## ######## ########  ##     ##  ######  ########

You're about to initialize a Firebase project in this directory:

  C:\Users\M4gistral\Documents\proyectos sistemas web\apasajem

Before we get started, keep in mind:

  * You are initializing within an existing Firebase project directory

[info] 
=== Project Setup
[info] 
[info] First, let's associate this project directory with a Firebase project.
[info] You can create multiple project aliases by running firebase use --add, 
[info] 
[debug] [2026-05-26T19:30:11.797Z] > command requires scopes: ["email","openid","https://www.googleapis.com/auth/cloudplatformprojects.readonly","https://www.googleapis.com/auth/firebase","https://www.googleapis.com/auth/cloud-platform"]
[debug] [2026-05-26T19:30:11.798Z] > authorizing via signed-in user (heverehuatuco@gmail.com)
[debug] [2026-05-26T19:30:11.799Z] Checked if tokens are valid: true, expires at: 1779826190649
[debug] [2026-05-26T19:30:11.799Z] Checked if tokens are valid: true, expires at: 1779826190649
[debug] [2026-05-26T19:30:11.800Z] >>> [apiv2][query] GET https://firebase.googleapis.com/v1beta1/projects/asociacion-apasajem [none]
[debug] [2026-05-26T19:30:12.283Z] <<< [apiv2][status] GET https://firebase.googleapis.com/v1beta1/projects/asociacion-apasajem 200
[debug] [2026-05-26T19:30:12.284Z] <<< [apiv2][body] GET https://firebase.googleapis.com/v1beta1/projects/asociacion-apasajem {"projectId":"asociacion-apasajem","projectNumber":"157709524403","displayName":"asociacion-apasajem","name":"projects/asociacion-apasajem","resources":{"hostingSite":"asociacion-apasajem"},"state":"ACTIVE","etag":"1_0ef1bac0-c34f-44ce-9000-706c00509e8c"}
[info] i  Using project asociacion-apasajem (asociacion-apasajem) . 
[info] 
=== Hosting Setup
[info] 
[info] 
=== App Hosting Setup
[debug] [2026-05-26T19:30:21.662Z] Checked if tokens are valid: true, expires at: 1779826190649
[debug] [2026-05-26T19:30:21.662Z] Checked if tokens are valid: true, expires at: 1779826190649
[debug] [2026-05-26T19:30:21.662Z] >>> [apiv2][query] GET https://cloudbilling.googleapis.com/v1/projects/asociacion-apasajem/billingInfo [none]
[debug] [2026-05-26T19:30:22.829Z] <<< [apiv2][status] GET https://cloudbilling.googleapis.com/v1/projects/asociacion-apasajem/billingInfo 200
[debug] [2026-05-26T19:30:22.829Z] <<< [apiv2][body] GET https://cloudbilling.googleapis.com/v1/projects/asociacion-apasajem/billingInfo {"name":"projects/asociacion-apasajem/billingInfo","projectId":"asociacion-apasajem","billingAccountName":"billingAccounts/0191B9-7DBDA2-D30BBE","billingEnabled":true}
[debug] [2026-05-26T19:30:22.831Z] Checked if tokens are valid: true, expires at: 1779826190649
[debug] [2026-05-26T19:30:22.832Z] Checked if tokens are valid: true, expires at: 1779826190649
[debug] [2026-05-26T19:30:22.832Z] >>> [apiv2][query] POST https://iam.googleapis.com/v1/projects/asociacion-apasajem/serviceAccounts/firebase-app-hosting-compute@asociacion-apasajem.iam.gserviceaccount.com:testIamPermissions [none]
[debug] [2026-05-26T19:30:22.832Z] >>> [apiv2][(partial)header] POST https://iam.googleapis.com/v1/projects/asociacion-apasajem/serviceAccounts/firebase-app-hosting-compute@asociacion-apasajem.iam.gserviceaccount.com:testIamPermissions  x-goog-user-project=asociacion-apasajem
[debug] [2026-05-26T19:30:22.832Z] >>> [apiv2][body] POST https://iam.googleapis.com/v1/projects/asociacion-apasajem/serviceAccounts/firebase-app-hosting-compute@asociacion-apasajem.iam.gserviceaccount.com:testIamPermissions {"permissions":["iam.serviceAccounts.actAs"]}
[debug] [2026-05-26T19:30:23.945Z] <<< [apiv2][status] POST https://iam.googleapis.com/v1/projects/asociacion-apasajem/serviceAccounts/firebase-app-hosting-compute@asociacion-apasajem.iam.gserviceaccount.com:testIamPermissions 200
[debug] [2026-05-26T19:30:23.945Z] <<< [apiv2][body] POST https://iam.googleapis.com/v1/projects/asociacion-apasajem/serviceAccounts/firebase-app-hosting-compute@asociacion-apasajem.iam.gserviceaccount.com:testIamPermissions {"permissions":["iam.serviceAccounts.actAs"]}
[debug] [2026-05-26T19:30:23.946Z] Checked if tokens are valid: true, expires at: 1779826190649
[debug] [2026-05-26T19:30:23.946Z] Checked if tokens are valid: true, expires at: 1779826190649
[debug] [2026-05-26T19:30:23.946Z] >>> [apiv2][query] POST https://iam.googleapis.com/v1/projects/asociacion-apasajem/serviceAccounts [none]
[debug] [2026-05-26T19:30:23.946Z] >>> [apiv2][body] POST https://iam.googleapis.com/v1/projects/asociacion-apasajem/serviceAccounts {"accountId":"firebase-app-hosting-compute","serviceAccount":{"displayName":"Firebase App Hosting compute service account","description":"Default service account used to run builds and deploys for Firebase App Hosting"}}
[debug] [2026-05-26T19:30:25.207Z] <<< [apiv2][status] POST https://iam.googleapis.com/v1/projects/asociacion-apasajem/serviceAccounts 409
[debug] [2026-05-26T19:30:25.207Z] <<< [apiv2][body] POST https://iam.googleapis.com/v1/projects/asociacion-apasajem/serviceAccounts [omitted]
[debug] [2026-05-26T19:30:25.208Z] Checked if tokens are valid: true, expires at: 1779826190649
[debug] [2026-05-26T19:30:25.208Z] Checked if tokens are valid: true, expires at: 1779826190649
[debug] [2026-05-26T19:30:25.208Z] >>> [apiv2][query] POST https://cloudresourcemanager.googleapis.com/v1/projects/asociacion-apasajem:getIamPolicy [none]
[debug] [2026-05-26T19:30:26.393Z] <<< [apiv2][status] POST https://cloudresourcemanager.googleapis.com/v1/projects/asociacion-apasajem:getIamPolicy 200
[debug] [2026-05-26T19:30:26.393Z] <<< [apiv2][body] POST https://cloudresourcemanager.googleapis.com/v1/projects/asociacion-apasajem:getIamPolicy {"version":1,"etag":"BwZSvUJkHyc=","bindings":[{"role":"roles/cloudbuild.builds.builder","members":["serviceAccount:157709524403@cloudbuild.gserviceaccount.com"]},{"role":"roles/cloudbuild.serviceAgent","members":["serviceAccount:service-157709524403@gcp-sa-cloudbuild.iam.gserviceaccount.com"]},{"role":"roles/containerregistry.ServiceAgent","members":["serviceAccount:service-157709524403@containerregistry.iam.gserviceaccount.com"]},{"role":"roles/developerconnect.readTokenAccessor","members":["serviceAccount:firebase-app-hosting-compute@asociacion-apasajem.iam.gserviceaccount.com"]},{"role":"roles/editor","members":["serviceAccount:157709524403-compute@developer.gserviceaccount.com"]},{"role":"roles/firebase.managementServiceAgent","members":["serviceAccount:service-157709524403@gcp-sa-firebase.iam.gserviceaccount.com"]},{"role":"roles/firebase.sdkAdminServiceAgent","members":["serviceAccount:firebase-adminsdk-fbsvc@asociacion-apasajem.iam.gserviceaccount.com","serviceAccount:firebase-app-hosting-compute@asociacion-apasajem.iam.gserviceaccount.com"]},{"role":"roles/firebaseapphosting.computeRunner","members":["serviceAccount:firebase-app-hosting-compute@asociacion-apasajem.iam.gserviceaccount.com"]},{"role":"roles/firebaseauth.admin","members":["serviceAccount:firebase-adminsdk-fbsvc@asociacion-apasajem.iam.gserviceaccount.com"]},{"role":"roles/firebaserules.system","members":["serviceAccount:service-157709524403@firebase-rules.iam.gserviceaccount.com"]},{"role":"roles/firebasestorage.serviceAgent","members":["serviceAccount:service-157709524403@gcp-sa-firebasestorage.iam.gserviceaccount.com"]},{"role":"roles/firestore.serviceAgent","members":["serviceAccount:service-157709524403@gcp-sa-firestore.iam.gserviceaccount.com"]},{"role":"roles/iam.serviceAccountTokenCreator","members":["serviceAccount:firebase-adminsdk-fbsvc@asociacion-apasajem.iam.gserviceaccount.com"]},{"role":"roles/owner","members":["user:heverehuatuco@gmail.com"]},{"role":"roles/run.serviceAgent","members":["serviceAccount:service-157709524403@serverless-robot-prod.iam.gserviceaccount.com"]},{"role":"roles/storage.admin","members":["serviceAccount:firebase-adminsdk-fbsvc@asociacion-apasajem.iam.gserviceaccount.com"]},{"role":"roles/storage.objectViewer","members":["serviceAccount:firebase-app-hosting-compute@asociacion-apasajem.iam.gserviceaccount.com"]}]}
[debug] [2026-05-26T19:30:26.394Z] Checked if tokens are valid: true, expires at: 1779826190649
[debug] [2026-05-26T19:30:26.394Z] Checked if tokens are valid: true, expires at: 1779826190649
[debug] [2026-05-26T19:30:26.394Z] >>> [apiv2][query] POST https://cloudresourcemanager.googleapis.com/v1/projects/asociacion-apasajem:setIamPolicy [none]
[debug] [2026-05-26T19:30:26.394Z] >>> [apiv2][body] POST https://cloudresourcemanager.googleapis.com/v1/projects/asociacion-apasajem:setIamPolicy {"policy":{"version":1,"etag":"BwZSvUJkHyc=","bindings":[{"role":"roles/cloudbuild.builds.builder","members":["serviceAccount:157709524403@cloudbuild.gserviceaccount.com"]},{"role":"roles/cloudbuild.serviceAgent","members":["serviceAccount:service-157709524403@gcp-sa-cloudbuild.iam.gserviceaccount.com"]},{"role":"roles/containerregistry.ServiceAgent","members":["serviceAccount:service-157709524403@containerregistry.iam.gserviceaccount.com"]},{"role":"roles/developerconnect.readTokenAccessor","members":["serviceAccount:firebase-app-hosting-compute@asociacion-apasajem.iam.gserviceaccount.com"]},{"role":"roles/editor","members":["serviceAccount:157709524403-compute@developer.gserviceaccount.com"]},{"role":"roles/firebase.managementServiceAgent","members":["serviceAccount:service-157709524403@gcp-sa-firebase.iam.gserviceaccount.com"]},{"role":"roles/firebase.sdkAdminServiceAgent","members":["serviceAccount:firebase-adminsdk-fbsvc@asociacion-apasajem.iam.gserviceaccount.com","serviceAccount:firebase-app-hosting-compute@asociacion-apasajem.iam.gserviceaccount.com"]},{"role":"roles/firebaseapphosting.computeRunner","members":["serviceAccount:firebase-app-hosting-compute@asociacion-apasajem.iam.gserviceaccount.com"]},{"role":"roles/firebaseauth.admin","members":["serviceAccount:firebase-adminsdk-fbsvc@asociacion-apasajem.iam.gserviceaccount.com"]},{"role":"roles/firebaserules.system","members":["serviceAccount:service-157709524403@firebase-rules.iam.gserviceaccount.com"]},{"role":"roles/firebasestorage.serviceAgent","members":["serviceAccount:service-157709524403@gcp-sa-firebasestorage.iam.gserviceaccount.com"]},{"role":"roles/firestore.serviceAgent","members":["serviceAccount:service-157709524403@gcp-sa-firestore.iam.gserviceaccount.com"]},{"role":"roles/iam.serviceAccountTokenCreator","members":["serviceAccount:firebase-adminsdk-fbsvc@asociacion-apasajem.iam.gserviceaccount.com"]},{"role":"roles/owner","members":["user:heverehuatuco@gmail.com"]},{"role":"roles/run.serviceAgent","members":["serviceAccount:service-157709524403@serverless-robot-prod.iam.gserviceaccount.com"]},{"role":"roles/storage.admin","members":["serviceAccount:firebase-adminsdk-fbsvc@asociacion-apasajem.iam.gserviceaccount.com"]},{"role":"roles/storage.objectViewer","members":["serviceAccount:firebase-app-hosting-compute@asociacion-apasajem.iam.gserviceaccount.com"]}]},"updateMask":"bindings"}
[debug] [2026-05-26T19:30:27.554Z] <<< [apiv2][status] POST https://cloudresourcemanager.googleapis.com/v1/projects/asociacion-apasajem:setIamPolicy 200
[debug] [2026-05-26T19:30:27.554Z] <<< [apiv2][body] POST https://cloudresourcemanager.googleapis.com/v1/projects/asociacion-apasajem:setIamPolicy {"version":1,"etag":"BwZSvYb8j/g=","bindings":[{"role":"roles/cloudbuild.builds.builder","members":["serviceAccount:157709524403@cloudbuild.gserviceaccount.com"]},{"role":"roles/cloudbuild.serviceAgent","members":["serviceAccount:service-157709524403@gcp-sa-cloudbuild.iam.gserviceaccount.com"]},{"role":"roles/containerregistry.ServiceAgent","members":["serviceAccount:service-157709524403@containerregistry.iam.gserviceaccount.com"]},{"role":"roles/developerconnect.readTokenAccessor","members":["serviceAccount:firebase-app-hosting-compute@asociacion-apasajem.iam.gserviceaccount.com"]},{"role":"roles/editor","members":["serviceAccount:157709524403-compute@developer.gserviceaccount.com"]},{"role":"roles/firebase.managementServiceAgent","members":["serviceAccount:service-157709524403@gcp-sa-firebase.iam.gserviceaccount.com"]},{"role":"roles/firebase.sdkAdminServiceAgent","members":["serviceAccount:firebase-adminsdk-fbsvc@asociacion-apasajem.iam.gserviceaccount.com","serviceAccount:firebase-app-hosting-compute@asociacion-apasajem.iam.gserviceaccount.com"]},{"role":"roles/firebaseapphosting.computeRunner","members":["serviceAccount:firebase-app-hosting-compute@asociacion-apasajem.iam.gserviceaccount.com"]},{"role":"roles/firebaseauth.admin","members":["serviceAccount:firebase-adminsdk-fbsvc@asociacion-apasajem.iam.gserviceaccount.com"]},{"role":"roles/firebaserules.system","members":["serviceAccount:service-157709524403@firebase-rules.iam.gserviceaccount.com"]},{"role":"roles/firebasestorage.serviceAgent","members":["serviceAccount:service-157709524403@gcp-sa-firebasestorage.iam.gserviceaccount.com"]},{"role":"roles/firestore.serviceAgent","members":["serviceAccount:service-157709524403@gcp-sa-firestore.iam.gserviceaccount.com"]},{"role":"roles/iam.serviceAccountTokenCreator","members":["serviceAccount:firebase-adminsdk-fbsvc@asociacion-apasajem.iam.gserviceaccount.com"]},{"role":"roles/owner","members":["user:heverehuatuco@gmail.com"]},{"role":"roles/run.serviceAgent","members":["serviceAccount:service-157709524403@serverless-robot-prod.iam.gserviceaccount.com"]},{"role":"roles/storage.admin","members":["serviceAccount:firebase-adminsdk-fbsvc@asociacion-apasajem.iam.gserviceaccount.com"]},{"role":"roles/storage.objectViewer","members":["serviceAccount:firebase-app-hosting-compute@asociacion-apasajem.iam.gserviceaccount.com"]}]}
[info] i  This command links your local project to Firebase App Hosting. You will be able to deploy your web app with `firebase deploy` after setup. 
[debug] [2026-05-26T19:30:38.874Z] Checked if tokens are valid: true, expires at: 1779826190649
[debug] [2026-05-26T19:30:38.874Z] Checked if tokens are valid: true, expires at: 1779826190649
[debug] [2026-05-26T19:30:38.874Z] >>> [apiv2][query] GET https://firebaseapphosting.googleapis.com/v1beta/projects/asociacion-apasajem/locations/-/backends 
[debug] [2026-05-26T19:30:39.794Z] <<< [apiv2][status] GET https://firebaseapphosting.googleapis.com/v1beta/projects/asociacion-apasajem/locations/-/backends 200
[debug] [2026-05-26T19:30:39.794Z] <<< [apiv2][body] GET https://firebaseapphosting.googleapis.com/v1beta/projects/asociacion-apasajem/locations/-/backends {}
[debug] [2026-05-26T19:31:06.228Z] ExitPromptError: User force closed the prompt with SIGINT
    at Interface.sigint (C:\Users\M4gistral\AppData\Roaming\npm\node_modules\firebase-tools\node_modules\@inquirer\core\dist\commonjs\lib\create-prompt.js:101:37)
    at Interface.emit (node:events:509:28)
    at [_ttyWrite] [as _ttyWrite] (node:internal/readline/interface:1327:18)
    at ReadStream.onkeypress (node:internal/readline/interface:284:20)
    at ReadStream.emit (node:events:521:24)
    at emitKeys (node:internal/readline/utils:371:14)
    at emitKeys.next (<anonymous>)
    at ReadStream.onData (node:internal/readline/emitKeypressEvents:64:36)
    at ReadStream.emit (node:events:509:28)
    at addChunk (node:internal/streams/readable:563:12)
[error] 
[error] Error: An unexpected error has occurred.
[debug] [2026-05-26T19:31:08.800Z] ----------------------------------------------------------------------
[debug] [2026-05-26T19:31:08.802Z] Command:       C:\Program Files\nodejs\node.exe C:\Users\M4gistral\AppData\Roaming\npm\node_modules\firebase-tools\lib\bin\firebase.js init hosting
[debug] [2026-05-26T19:31:08.802Z] CLI Version:   15.18.0
[debug] [2026-05-26T19:31:08.802Z] Platform:      win32
[debug] [2026-05-26T19:31:08.803Z] Node Version:  v24.16.0
[debug] [2026-05-26T19:31:08.803Z] Time:          Tue May 26 2026 14:31:08 GMT-0500 (hora estándar de Perú)
[debug] [2026-05-26T19:31:08.803Z] ----------------------------------------------------------------------
[debug] 
[info] 
     ######## #### ########  ######## ########     ###     ######  ########
     ##        ##  ##     ## ##       ##     ##  ##   ##  ##       ##
     ######    ##  ########  ######   ########  #########  ######  ######
     ##        ##  ##    ##  ##       ##     ## ##     ##       ## ##
     ##       #### ##     ## ######## ########  ##     ##  ######  ########

You're about to initialize a Firebase project in this directory:

  C:\Users\M4gistral\Documents\proyectos sistemas web\apasajem

Before we get started, keep in mind:

  * You are initializing within an existing Firebase project directory

[info] 
=== Project Setup
[info] 
[info] First, let's associate this project directory with a Firebase project.
[info] You can create multiple project aliases by running firebase use --add, 
[info] 
[debug] [2026-05-26T19:31:12.987Z] > command requires scopes: ["email","openid","https://www.googleapis.com/auth/cloudplatformprojects.readonly","https://www.googleapis.com/auth/firebase","https://www.googleapis.com/auth/cloud-platform"]
[debug] [2026-05-26T19:31:12.988Z] > authorizing via signed-in user (heverehuatuco@gmail.com)
[debug] [2026-05-26T19:31:12.988Z] Checked if tokens are valid: true, expires at: 1779826190649
[debug] [2026-05-26T19:31:12.989Z] Checked if tokens are valid: true, expires at: 1779826190649
[debug] [2026-05-26T19:31:12.990Z] >>> [apiv2][query] GET https://firebase.googleapis.com/v1beta1/projects/asociacion-apasajem [none]
[debug] [2026-05-26T19:31:13.487Z] <<< [apiv2][status] GET https://firebase.googleapis.com/v1beta1/projects/asociacion-apasajem 200
[debug] [2026-05-26T19:31:13.487Z] <<< [apiv2][body] GET https://firebase.googleapis.com/v1beta1/projects/asociacion-apasajem {"projectId":"asociacion-apasajem","projectNumber":"157709524403","displayName":"asociacion-apasajem","name":"projects/asociacion-apasajem","resources":{"hostingSite":"asociacion-apasajem"},"state":"ACTIVE","etag":"1_0ef1bac0-c34f-44ce-9000-706c00509e8c"}
[info] i  Using project asociacion-apasajem (asociacion-apasajem) . 
[info] 
=== Hosting Setup
[info] 
[info] 
=== App Hosting Setup
[debug] [2026-05-26T19:31:19.415Z] Checked if tokens are valid: true, expires at: 1779826190649
[debug] [2026-05-26T19:31:19.415Z] Checked if tokens are valid: true, expires at: 1779826190649
[debug] [2026-05-26T19:31:19.416Z] >>> [apiv2][query] GET https://cloudbilling.googleapis.com/v1/projects/asociacion-apasajem/billingInfo [none]
[debug] [2026-05-26T19:31:20.505Z] <<< [apiv2][status] GET https://cloudbilling.googleapis.com/v1/projects/asociacion-apasajem/billingInfo 200
[debug] [2026-05-26T19:31:20.505Z] <<< [apiv2][body] GET https://cloudbilling.googleapis.com/v1/projects/asociacion-apasajem/billingInfo {"name":"projects/asociacion-apasajem/billingInfo","projectId":"asociacion-apasajem","billingAccountName":"billingAccounts/0191B9-7DBDA2-D30BBE","billingEnabled":true}
[debug] [2026-05-26T19:31:20.507Z] Checked if tokens are valid: true, expires at: 1779826190649
[debug] [2026-05-26T19:31:20.507Z] Checked if tokens are valid: true, expires at: 1779826190649
[debug] [2026-05-26T19:31:20.507Z] >>> [apiv2][query] POST https://iam.googleapis.com/v1/projects/asociacion-apasajem/serviceAccounts/firebase-app-hosting-compute@asociacion-apasajem.iam.gserviceaccount.com:testIamPermissions [none]
[debug] [2026-05-26T19:31:20.507Z] >>> [apiv2][(partial)header] POST https://iam.googleapis.com/v1/projects/asociacion-apasajem/serviceAccounts/firebase-app-hosting-compute@asociacion-apasajem.iam.gserviceaccount.com:testIamPermissions  x-goog-user-project=asociacion-apasajem
[debug] [2026-05-26T19:31:20.507Z] >>> [apiv2][body] POST https://iam.googleapis.com/v1/projects/asociacion-apasajem/serviceAccounts/firebase-app-hosting-compute@asociacion-apasajem.iam.gserviceaccount.com:testIamPermissions {"permissions":["iam.serviceAccounts.actAs"]}
[debug] [2026-05-26T19:31:21.624Z] <<< [apiv2][status] POST https://iam.googleapis.com/v1/projects/asociacion-apasajem/serviceAccounts/firebase-app-hosting-compute@asociacion-apasajem.iam.gserviceaccount.com:testIamPermissions 200
[debug] [2026-05-26T19:31:21.624Z] <<< [apiv2][body] POST https://iam.googleapis.com/v1/projects/asociacion-apasajem/serviceAccounts/firebase-app-hosting-compute@asociacion-apasajem.iam.gserviceaccount.com:testIamPermissions {"permissions":["iam.serviceAccounts.actAs"]}
[debug] [2026-05-26T19:31:21.625Z] Checked if tokens are valid: true, expires at: 1779826190649
[debug] [2026-05-26T19:31:21.625Z] Checked if tokens are valid: true, expires at: 1779826190649
[debug] [2026-05-26T19:31:21.625Z] >>> [apiv2][query] POST https://iam.googleapis.com/v1/projects/asociacion-apasajem/serviceAccounts [none]
[debug] [2026-05-26T19:31:21.625Z] >>> [apiv2][body] POST https://iam.googleapis.com/v1/projects/asociacion-apasajem/serviceAccounts {"accountId":"firebase-app-hosting-compute","serviceAccount":{"displayName":"Firebase App Hosting compute service account","description":"Default service account used to run builds and deploys for Firebase App Hosting"}}
[debug] [2026-05-26T19:31:22.755Z] <<< [apiv2][status] POST https://iam.googleapis.com/v1/projects/asociacion-apasajem/serviceAccounts 409
[debug] [2026-05-26T19:31:22.755Z] <<< [apiv2][body] POST https://iam.googleapis.com/v1/projects/asociacion-apasajem/serviceAccounts [omitted]
[debug] [2026-05-26T19:31:22.756Z] Checked if tokens are valid: true, expires at: 1779826190649
[debug] [2026-05-26T19:31:22.756Z] Checked if tokens are valid: true, expires at: 1779826190649
[debug] [2026-05-26T19:31:22.756Z] >>> [apiv2][query] POST https://cloudresourcemanager.googleapis.com/v1/projects/asociacion-apasajem:getIamPolicy [none]
[debug] [2026-05-26T19:31:24.114Z] <<< [apiv2][status] POST https://cloudresourcemanager.googleapis.com/v1/projects/asociacion-apasajem:getIamPolicy 200
[debug] [2026-05-26T19:31:24.115Z] <<< [apiv2][body] POST https://cloudresourcemanager.googleapis.com/v1/projects/asociacion-apasajem:getIamPolicy {"version":1,"etag":"BwZSvYb8j/g=","bindings":[{"role":"roles/cloudbuild.builds.builder","members":["serviceAccount:157709524403@cloudbuild.gserviceaccount.com"]},{"role":"roles/cloudbuild.serviceAgent","members":["serviceAccount:service-157709524403@gcp-sa-cloudbuild.iam.gserviceaccount.com"]},{"role":"roles/containerregistry.ServiceAgent","members":["serviceAccount:service-157709524403@containerregistry.iam.gserviceaccount.com"]},{"role":"roles/developerconnect.readTokenAccessor","members":["serviceAccount:firebase-app-hosting-compute@asociacion-apasajem.iam.gserviceaccount.com"]},{"role":"roles/editor","members":["serviceAccount:157709524403-compute@developer.gserviceaccount.com"]},{"role":"roles/firebase.managementServiceAgent","members":["serviceAccount:service-157709524403@gcp-sa-firebase.iam.gserviceaccount.com"]},{"role":"roles/firebase.sdkAdminServiceAgent","members":["serviceAccount:firebase-adminsdk-fbsvc@asociacion-apasajem.iam.gserviceaccount.com","serviceAccount:firebase-app-hosting-compute@asociacion-apasajem.iam.gserviceaccount.com"]},{"role":"roles/firebaseapphosting.computeRunner","members":["serviceAccount:firebase-app-hosting-compute@asociacion-apasajem.iam.gserviceaccount.com"]},{"role":"roles/firebaseauth.admin","members":["serviceAccount:firebase-adminsdk-fbsvc@asociacion-apasajem.iam.gserviceaccount.com"]},{"role":"roles/firebaserules.system","members":["serviceAccount:service-157709524403@firebase-rules.iam.gserviceaccount.com"]},{"role":"roles/firebasestorage.serviceAgent","members":["serviceAccount:service-157709524403@gcp-sa-firebasestorage.iam.gserviceaccount.com"]},{"role":"roles/firestore.serviceAgent","members":["serviceAccount:service-157709524403@gcp-sa-firestore.iam.gserviceaccount.com"]},{"role":"roles/iam.serviceAccountTokenCreator","members":["serviceAccount:firebase-adminsdk-fbsvc@asociacion-apasajem.iam.gserviceaccount.com"]},{"role":"roles/owner","members":["user:heverehuatuco@gmail.com"]},{"role":"roles/run.serviceAgent","members":["serviceAccount:service-157709524403@serverless-robot-prod.iam.gserviceaccount.com"]},{"role":"roles/storage.admin","members":["serviceAccount:firebase-adminsdk-fbsvc@asociacion-apasajem.iam.gserviceaccount.com"]},{"role":"roles/storage.objectViewer","members":["serviceAccount:firebase-app-hosting-compute@asociacion-apasajem.iam.gserviceaccount.com"]}]}
[debug] [2026-05-26T19:31:24.115Z] Checked if tokens are valid: true, expires at: 1779826190649
[debug] [2026-05-26T19:31:24.115Z] Checked if tokens are valid: true, expires at: 1779826190649
[debug] [2026-05-26T19:31:24.115Z] >>> [apiv2][query] POST https://cloudresourcemanager.googleapis.com/v1/projects/asociacion-apasajem:setIamPolicy [none]
[debug] [2026-05-26T19:31:24.116Z] >>> [apiv2][body] POST https://cloudresourcemanager.googleapis.com/v1/projects/asociacion-apasajem:setIamPolicy {"policy":{"version":1,"etag":"BwZSvYb8j/g=","bindings":[{"role":"roles/cloudbuild.builds.builder","members":["serviceAccount:157709524403@cloudbuild.gserviceaccount.com"]},{"role":"roles/cloudbuild.serviceAgent","members":["serviceAccount:service-157709524403@gcp-sa-cloudbuild.iam.gserviceaccount.com"]},{"role":"roles/containerregistry.ServiceAgent","members":["serviceAccount:service-157709524403@containerregistry.iam.gserviceaccount.com"]},{"role":"roles/developerconnect.readTokenAccessor","members":["serviceAccount:firebase-app-hosting-compute@asociacion-apasajem.iam.gserviceaccount.com"]},{"role":"roles/editor","members":["serviceAccount:157709524403-compute@developer.gserviceaccount.com"]},{"role":"roles/firebase.managementServiceAgent","members":["serviceAccount:service-157709524403@gcp-sa-firebase.iam.gserviceaccount.com"]},{"role":"roles/firebase.sdkAdminServiceAgent","members":["serviceAccount:firebase-adminsdk-fbsvc@asociacion-apasajem.iam.gserviceaccount.com","serviceAccount:firebase-app-hosting-compute@asociacion-apasajem.iam.gserviceaccount.com"]},{"role":"roles/firebaseapphosting.computeRunner","members":["serviceAccount:firebase-app-hosting-compute@asociacion-apasajem.iam.gserviceaccount.com"]},{"role":"roles/firebaseauth.admin","members":["serviceAccount:firebase-adminsdk-fbsvc@asociacion-apasajem.iam.gserviceaccount.com"]},{"role":"roles/firebaserules.system","members":["serviceAccount:service-157709524403@firebase-rules.iam.gserviceaccount.com"]},{"role":"roles/firebasestorage.serviceAgent","members":["serviceAccount:service-157709524403@gcp-sa-firebasestorage.iam.gserviceaccount.com"]},{"role":"roles/firestore.serviceAgent","members":["serviceAccount:service-157709524403@gcp-sa-firestore.iam.gserviceaccount.com"]},{"role":"roles/iam.serviceAccountTokenCreator","members":["serviceAccount:firebase-adminsdk-fbsvc@asociacion-apasajem.iam.gserviceaccount.com"]},{"role":"roles/owner","members":["user:heverehuatuco@gmail.com"]},{"role":"roles/run.serviceAgent","members":["serviceAccount:service-157709524403@serverless-robot-prod.iam.gserviceaccount.com"]},{"role":"roles/storage.admin","members":["serviceAccount:firebase-adminsdk-fbsvc@asociacion-apasajem.iam.gserviceaccount.com"]},{"role":"roles/storage.objectViewer","members":["serviceAccount:firebase-app-hosting-compute@asociacion-apasajem.iam.gserviceaccount.com"]}]},"updateMask":"bindings"}
[debug] [2026-05-26T19:31:25.334Z] <<< [apiv2][status] POST https://cloudresourcemanager.googleapis.com/v1/projects/asociacion-apasajem:setIamPolicy 200
[debug] [2026-05-26T19:31:25.334Z] <<< [apiv2][body] POST https://cloudresourcemanager.googleapis.com/v1/projects/asociacion-apasajem:setIamPolicy {"version":1,"etag":"BwZSvYpuRK4=","bindings":[{"role":"roles/cloudbuild.builds.builder","members":["serviceAccount:157709524403@cloudbuild.gserviceaccount.com"]},{"role":"roles/cloudbuild.serviceAgent","members":["serviceAccount:service-157709524403@gcp-sa-cloudbuild.iam.gserviceaccount.com"]},{"role":"roles/containerregistry.ServiceAgent","members":["serviceAccount:service-157709524403@containerregistry.iam.gserviceaccount.com"]},{"role":"roles/developerconnect.readTokenAccessor","members":["serviceAccount:firebase-app-hosting-compute@asociacion-apasajem.iam.gserviceaccount.com"]},{"role":"roles/editor","members":["serviceAccount:157709524403-compute@developer.gserviceaccount.com"]},{"role":"roles/firebase.managementServiceAgent","members":["serviceAccount:service-157709524403@gcp-sa-firebase.iam.gserviceaccount.com"]},{"role":"roles/firebase.sdkAdminServiceAgent","members":["serviceAccount:firebase-adminsdk-fbsvc@asociacion-apasajem.iam.gserviceaccount.com","serviceAccount:firebase-app-hosting-compute@asociacion-apasajem.iam.gserviceaccount.com"]},{"role":"roles/firebaseapphosting.computeRunner","members":["serviceAccount:firebase-app-hosting-compute@asociacion-apasajem.iam.gserviceaccount.com"]},{"role":"roles/firebaseauth.admin","members":["serviceAccount:firebase-adminsdk-fbsvc@asociacion-apasajem.iam.gserviceaccount.com"]},{"role":"roles/firebaserules.system","members":["serviceAccount:service-157709524403@firebase-rules.iam.gserviceaccount.com"]},{"role":"roles/firebasestorage.serviceAgent","members":["serviceAccount:service-157709524403@gcp-sa-firebasestorage.iam.gserviceaccount.com"]},{"role":"roles/firestore.serviceAgent","members":["serviceAccount:service-157709524403@gcp-sa-firestore.iam.gserviceaccount.com"]},{"role":"roles/iam.serviceAccountTokenCreator","members":["serviceAccount:firebase-adminsdk-fbsvc@asociacion-apasajem.iam.gserviceaccount.com"]},{"role":"roles/owner","members":["user:heverehuatuco@gmail.com"]},{"role":"roles/run.serviceAgent","members":["serviceAccount:service-157709524403@serverless-robot-prod.iam.gserviceaccount.com"]},{"role":"roles/storage.admin","members":["serviceAccount:firebase-adminsdk-fbsvc@asociacion-apasajem.iam.gserviceaccount.com"]},{"role":"roles/storage.objectViewer","members":["serviceAccount:firebase-app-hosting-compute@asociacion-apasajem.iam.gserviceaccount.com"]}]}
[info] i  This command links your local project to Firebase App Hosting. You will be able to deploy your web app with `firebase deploy` after setup. 
[info] i  === Set up your backend 
[debug] [2026-05-26T19:31:28.465Z] Checked if tokens are valid: true, expires at: 1779826190649
[debug] [2026-05-26T19:31:28.465Z] Checked if tokens are valid: true, expires at: 1779826190649
[debug] [2026-05-26T19:31:28.465Z] >>> [apiv2][query] GET https://firebaseapphosting.googleapis.com/v1beta/projects/asociacion-apasajem/locations 
[debug] [2026-05-26T19:31:29.725Z] <<< [apiv2][status] GET https://firebaseapphosting.googleapis.com/v1beta/projects/asociacion-apasajem/locations 200
[debug] [2026-05-26T19:31:29.725Z] <<< [apiv2][body] GET https://firebaseapphosting.googleapis.com/v1beta/projects/asociacion-apasajem/locations {"locations":[{"name":"projects/asociacion-apasajem/locations/asia-east1","locationId":"asia-east1","displayName":"Taiwan"},{"name":"projects/asociacion-apasajem/locations/asia-southeast1","locationId":"asia-southeast1","displayName":"Singapore"},{"name":"projects/asociacion-apasajem/locations/europe-west4","locationId":"europe-west4","displayName":"Netherlands"},{"name":"projects/asociacion-apasajem/locations/us-central1","locationId":"us-central1","displayName":"Iowa"},{"name":"projects/asociacion-apasajem/locations/us-east4","locationId":"us-east4","displayName":"Northern Virginia"},{"name":"projects/asociacion-apasajem/locations/us-east5","locationId":"us-east5","displayName":"Columbus"}]}
[info] +  Location set to us-central1.
 
[debug] [2026-05-26T19:39:20.551Z] ExitPromptError: User force closed the prompt with SIGINT
    at Interface.sigint (C:\Users\M4gistral\AppData\Roaming\npm\node_modules\firebase-tools\node_modules\@inquirer\core\dist\commonjs\lib\create-prompt.js:101:37)
    at Interface.emit (node:events:509:28)
    at [_ttyWrite] [as _ttyWrite] (node:internal/readline/interface:1327:18)
    at ReadStream.onkeypress (node:internal/readline/interface:284:20)
    at ReadStream.emit (node:events:521:24)
    at emitKeys (node:internal/readline/utils:371:14)
    at emitKeys.next (<anonymous>)
    at ReadStream.onData (node:internal/readline/emitKeypressEvents:64:36)
    at ReadStream.emit (node:events:509:28)
    at addChunk (node:internal/streams/readable:563:12)
[error] 
[error] Error: An unexpected error has occurred.
